components/PlayerVsPlayerCompare.tsx(142,17): error TS1005: ')' expected.
components/PlayerVsPlayerCompare.tsx(148,15): error TS1005: ')' expected.
components/PlayerVsPlayerCompare.tsx(161,17): error TS1005: ')' expected.
components/PlayerVsPlayerCompare.tsx(172,19): error TS1005: ')' expected.
components/PlayerVsPlayerCompare.tsx(181,17): error TS1005: ')' expected.
components/PlayerVsPlayerCompare.tsx(205,9): error TS1005: ')' expected.
components/PlayerVsPlayerCompare.tsx(247,17): error TS1005: ')' expected.
components/PlayerVsPlayerCompare.tsx(253,15): error TS1005: ')' expected.
components/PlayerVsPlayerCompare.tsx(266,17): error TS1005: ')' expected.
components/PlayerVsPlayerCompare.tsx(277,19): error TS1005: ')' expected.
components/PlayerVsPlayerCompare.tsx(286,17): error TS1005: ')' expected.
components/PlayerVsPlayerCompare.tsx(310,9): error TS1005: ')' expected.
components/PlayerVsPlayerCompare.tsx(351,21): error TS1005: ')' expected.
components/PlayerVsPlayerCompare.tsx(383,19): error TS1005: ')' expected.
components/PlayerVsPlayerCompare.tsx(403,17): error TS1005: ')' expected.
components/PlayerVsPlayerCompare.tsx(422,21): error TS1005: ')' expected.
components/PlayerVsPlayerCompare.tsx(443,19): error TS1005: ')' expected.
components/PlayerVsPlayerCompare.tsx(468,25): error TS1005: ')' expected.
components/PlayerVsPlayerCompare.tsx(478,13): error TS1005: ')' expected.
components/PlayerVsPlayerCompare.tsx(561,29): error TS1005: ')' expected.
components/PlayerVsPlayerCompare.tsx(582,17): error TS1005: ')' expected.
components/PlayerVsPlayerCompare.tsx(609,29): error TS1005: ')' expected.
components/PlayerVsPlayerCompare.tsx(630,17): error TS1005: ')' expected.
components/PlayerVsPlayerCompare.tsx(685,29): error TS1005: ')' expected.
components/PlayerVsPlayerCompare.tsx(706,17): error TS1005: ')' expected.
components/PlayerVsPlayerCompare.tsx(733,29): error TS1005: ')' expected.
components/PlayerVsPlayerCompare.tsx(754,17): error TS1005: ')' expected.
components/PlayerVsPlayerCompare.tsx(807,29): error TS1005: ')' expected.
components/PlayerVsPlayerCompare.tsx(823,17): error TS1005: ')' expected.
components/PlayerVsPlayerCompare.tsx(848,29): error TS1005: ')' expected.
components/PlayerVsPlayerCompare.tsx(864,17): error TS1005: ')' expected.
components/PlayerVsPlayerCompare.tsx(917,29): error TS1005: ')' expected.
components/PlayerVsPlayerCompare.tsx(933,17): error TS1005: ')' expected.
components/PlayerVsPlayerCompare.tsx(958,29): error TS1005: ')' expected.
components/PlayerVsPlayerCompare.tsx(974,17): error TS1005: ')' expected.
components/PlayerVsPlayerCompare.tsx(1056,31): error TS1005: ')' expected.
components/PlayerVsPlayerCompare.tsx(1077,19): error TS1005: ')' expected.
components/PlayerVsPlayerCompare.tsx(1103,31): error TS1005: ')' expected.
components/PlayerVsPlayerCompare.tsx(1124,19): error TS1005: ')' expected.
components/PlayerVsPlayerCompare.tsx(1177,31): error TS1005: ')' expected.
components/PlayerVsPlayerCompare.tsx(1198,19): error TS1005: ')' expected.
components/PlayerVsPlayerCompare.tsx(1224,31): error TS1005: ')' expected.
components/PlayerVsPlayerCompare.tsx(1245,19): error TS1005: ')' expected.
components/PlayerVsPlayerCompare.tsx(1250,9): error TS1005: ')' expected.
components/PlayerVsPlayerCompare.tsx(1254,11): error TS1005: ')' expected.
components/PlayerVsPlayerCompare.tsx(1287,21): error TS1005: ')' expected.
components/PlayerVsPlayerCompare.tsx(1311,21): error TS1005: ')' expected.
components/PlayerVsPlayerCompare.tsx(1418,23): error TS1005: ')' expected.
components/PlayerVsPlayerCompare.tsx(1451,23): error TS1005: ')' expected.
components/PlayerVsPlayerCompare.tsx(1598,5): error TS1005: ')' expected.
components/PlayerVsPlayerCompare.tsx(1599,3): error TS1109: Expression expected.
components/PlayerVsPlayerCompare.tsx(1600,1): error TS1128: Declaration or statement expected.
components/TeamVsTeamCombatCompare.tsx(218,19): error TS1005: ')' expected.
components/TeamVsTeamCombatCompare.tsx(223,9): error TS1005: ')' expected.
components/TeamVsTeamCombatCompare.tsx(227,7): error TS1005: ')' expected.
components/TeamVsTeamCombatCompare.tsx(294,25): error TS1005: ')' expected.
components/TeamVsTeamCombatCompare.tsx(319,13): error TS1005: ')' expected.
components/TeamVsTeamCombatCompare.tsx(352,25): error TS1005: ')' expected.
components/TeamVsTeamCombatCompare.tsx(377,13): error TS1005: ')' expected.
components/TeamVsTeamCombatCompare.tsx(450,25): error TS1005: ')' expected.
components/TeamVsTeamCombatCompare.tsx(475,13): error TS1005: ')' expected.
components/TeamVsTeamCombatCompare.tsx(508,25): error TS1005: ')' expected.
components/TeamVsTeamCombatCompare.tsx(533,13): error TS1005: ')' expected.
components/TeamVsTeamCombatCompare.tsx(606,25): error TS1005: ')' expected.
components/TeamVsTeamCombatCompare.tsx(633,13): error TS1005: ')' expected.
components/TeamVsTeamCombatCompare.tsx(666,25): error TS1005: ')' expected.
components/TeamVsTeamCombatCompare.tsx(693,13): error TS1005: ')' expected.
components/TeamVsTeamCombatCompare.tsx(766,25): error TS1005: ')' expected.
components/TeamVsTeamCombatCompare.tsx(793,13): error TS1005: ')' expected.
components/TeamVsTeamCombatCompare.tsx(826,25): error TS1005: ')' expected.
components/TeamVsTeamCombatCompare.tsx(853,13): error TS1005: ')' expected.
components/TeamVsTeamCombatCompare.tsx(937,27): error TS1005: ')' expected.
components/TeamVsTeamCombatCompare.tsx(958,15): error TS1005: ')' expected.
components/TeamVsTeamCombatCompare.tsx(984,27): error TS1005: ')' expected.
components/TeamVsTeamCombatCompare.tsx(1005,15): error TS1005: ')' expected.
components/TeamVsTeamCombatCompare.tsx(1059,27): error TS1005: ')' expected.
components/TeamVsTeamCombatCompare.tsx(1080,15): error TS1005: ')' expected.
components/TeamVsTeamCombatCompare.tsx(1106,27): error TS1005: ')' expected.
components/TeamVsTeamCombatCompare.tsx(1127,15): error TS1005: ')' expected.
components/TeamVsTeamCombatCompare.tsx(1134,3): error TS1005: ')' expected.
components/TeamVsTeamCombatCompare.tsx(1135,1): error TS1128: Declaration or statement expected.
components/TeamVsTeamCombatCompare.tsx(1136,3): error TS1109: Expression expected.
components/TeamVsTeamCombatCompare.tsx(1137,1): error TS1128: Declaration or statement expected.
